// Jest Snapshot v1, https://goo.gl/fbAQLP

exports[`WarningMessage Component should match snapshot 1`] = `
<View
  testID="wrapper"
>
  <View>
    <View
      style={
        Object {
          "alignItems": "flex-start",
          "backgroundColor": "#FFFACD",
          "borderColor": "#bcbbc1",
          "flexDirection": "row",
          "height": 186.76000000000002,
          "padding": 16,
        }
      }
      testID="padView"
    >
      <View>
        <SvgMock
          height={19}
          style={
            Object {
              "marginRight": 2,
              "marginTop": 2,
            }
          }
          width={22}
        />
      </View>
      <View
        style={
          Object {
            "paddingLeft": 16,
          }
        }
      />
      <View
        style={
          Array [
            Object {
              "alignItems": "flex-start",
              "flex": 1,
              "justifyContent": "center",
            },
            Object {
              "alignItems": "center",
            },
          ]
        }
        theme={
          Object {
            "colors": Object {
              "black": "#242424",
              "disabled": "hsl(208, 8%, 90%)",
              "divider": "#bcbbc1",
              "error": "#ff190c",
              "grey0": "#393e42",
              "grey1": "#43484d",
              "grey2": "#5e6977",
              "grey3": "#86939e",
              "grey4": "#bdc6cf",
              "grey5": "#e1e8ee",
              "greyOutline": "#bbb",
              "platform": Object {
                "android": Object {
                  "error": "#f44336",
                  "grey": "rgba(0, 0, 0, 0.54)",
                  "primary": "#2196f3",
                  "searchBg": "#dcdce1",
                  "secondary": "#9C27B0",
                  "success": "#4caf50",
                  "warning": "#ffeb3b",
                },
                "default": Object {
                  "error": "#ff3b30",
                  "grey": "#7d7d7d",
                  "primary": "#007aff",
                  "searchBg": "#dcdce1",
                  "secondary": "#5856d6",
                  "success": "#4cd964",
                  "warning": "#ffcc00",
                },
                "ios": Object {
                  "error": "#ff3b30",
                  "grey": "#7d7d7d",
                  "primary": "#007aff",
                  "searchBg": "#dcdce1",
                  "secondary": "#5856d6",
                  "success": "#4cd964",
                  "warning": "#ffcc00",
                },
                "web": Object {
                  "error": "#ff190c",
                  "grey": "#393e42",
                  "primary": "#2089dc",
                  "searchBg": "#303337",
                  "secondary": "#ca71eb",
                  "success": "#52c41a",
                  "warning": "#faad14",
                },
              },
              "primary": "#2089dc",
              "searchBg": "#303337",
              "secondary": "#ca71eb",
              "success": "#52c41a",
              "warning": "#faad14",
              "white": "#ffffff",
            },
          }
        }
      >
        <Text
          numberOfLines={4}
          style={
            Object {
              "color": "#4F4F4F",
              "fontFamily": "SFProText-Regular",
              "fontSize": 16,
              "fontWeight": "400",
              "lineHeight": 18.75,
              "textAlign": "left",
            }
          }
        >
          test
        </Text>
      </View>
      <View
        style={
          Object {
            "paddingLeft": 16,
          }
        }
      />
      <View
        accessible={true}
        focusable={true}
        onClick={[Function]}
        onResponderGrant={[Function]}
        onResponderMove={[Function]}
        onResponderRelease={[Function]}
        onResponderTerminate={[Function]}
        onResponderTerminationRequest={[Function]}
        onStartShouldSetResponder={[Function]}
      >
        <View>
          <SvgMock
            height={14}
            style={
              Object {
                "marginLeft": "auto",
              }
            }
            width={14}
          />
        </View>
      </View>
    </View>
  </View>
</View>
`;
