// Jest Snapshot v1, https://goo.gl/fbAQLP

exports[`Quantity Component should match snapshot 1`] = `
<View
  testID="wrapper"
>
  <View
    style={
      Object {
        "flexDirection": "row",
        "justifyContent": "space-between",
        "width": 100,
      }
    }
  >
    <View
      accessible={true}
      focusable={true}
      onClick={[Function]}
      onResponderGrant={[Function]}
      onResponderMove={[Function]}
      onResponderRelease={[Function]}
      onResponderTerminate={[Function]}
      onResponderTerminationRequest={[Function]}
      onStartShouldSetResponder={[Function]}
      style={
        Object {
          "opacity": 1,
        }
      }
    >
      <View
        style={
          Object {
            "backgroundColor": "#0AA351",
            "borderRadius": 3,
          }
        }
      >
        <Text />
      </View>
    </View>
    <View
      style={
        Object {
          "justifyContent": "center",
        }
      }
    >
      <Text
        style={
          Object {
            "color": "#1C1C1C",
            "fontFamily": "SFProText-Regular",
            "fontSize": 16,
            "fontWeight": "400",
            "lineHeight": 18.75,
          }
        }
      >
        2
      </Text>
    </View>
    <View
      accessible={true}
      focusable={true}
      onClick={[Function]}
      onResponderGrant={[Function]}
      onResponderMove={[Function]}
      onResponderRelease={[Function]}
      onResponderTerminate={[Function]}
      onResponderTerminationRequest={[Function]}
      onStartShouldSetResponder={[Function]}
      style={
        Object {
          "opacity": 1,
        }
      }
    >
      <View
        style={
          Object {
            "backgroundColor": "#0AA351",
            "borderRadius": 3,
          }
        }
      >
        <Text />
      </View>
    </View>
  </View>
</View>
`;
