// Jest Snapshot v1, https://goo.gl/fbAQLP

exports[`ExpandableText Component should match snapshot 1`] = `
<View
  testID="wrapper"
>
  <Text
    ellipsizeMode="tail"
    numberOfLines={4}
    onTextLayout={[Function]}
    style={
      Object {
        "color": "#1C1C1C",
        "fontFamily": "SFProText-Regular",
        "fontSize": 16,
        "fontWeight": "400",
        "lineHeight": 18.75,
      }
    }
  >
    test
  </Text>
  <Text
    onPress={[Function]}
    style={
      Object {
        "color": "#1C1C1C",
        "fontFamily": "SFProText-Regular",
        "fontSize": 16,
        "fontWeight": "400",
        "lineHeight": 18.75,
      }
    }
  >
    Read More
  </Text>
</View>
`;
